// Jest Snapshot v1, https://goo.gl/fbAQLP

exports[`App mounts without failing 1`] = `
<div
  className="App"
>
  <div
    className="Counter"
  >
    <h1
      className="Counter__Title-sc-10vsor9-0 klMuRp"
    >
      Welcome to SnailJS!
    </h1>
    <img
      alt="Logo"
      src="/static/logo.png"
    />
    <button
      className="Button__StyledButton-sc-1cac6om-0 iAKrns Counter__StyledButton-sc-10vsor9-1 fsLBEZ"
      onClick={[Function]}
      type="button"
    >
      This button has been clicked 
      0
       time
      s
      !
    </button>
    <section
      className="Counter__LinkWrapper-sc-10vsor9-2 eyxfVM"
    >
      <a
        className="Link__StyledLink-sc-1fkd123-0 fxHNR"
        href="/6"
        onClick={[Function]}
      >
        Start with 6 clicks
      </a>
      
      <a
        className="Link__StyledAnchor-sc-1fkd123-1 hZqbSL"
        href="/server?apiKey="
      >
        Server-only route
      </a>
    </section>
  </div>
</div>
`;
